class : CLASS
A : CLASS_NAME
{ : OPEN_AC
n : ID
: : DBL_DOT
Int : CLASS_NAME
<- : ASSIGN
0 : NR
; : EOI
s : ID
: : DBL_DOT
String : CLASS_NAME
<- : ASSIGN
"abc" : STRING
; : EOI
b : ID
: : DBL_DOT
Bool : CLASS_NAME
<- : ASSIGN
false : BOOLEAN
; : EOI
c : ID
: : DBL_DOT
Bool : CLASS_NAME
<- : ASSIGN
b : ID
; : EOI
} : CLOSED_AC
; : EOI
<EOF> : EOF


0:classA{n:Int<-0;s:String<-"abc";b:Bool<-false;c:Bool<-b;};<EOF>  program

  1:classA{n:Int<-0;s:String<-"abc";b:Bool<-false;c:Bool<-b;};  class_node

    2:classA  class_header

    3:n:Int<-0;s:String<-"abc";b:Bool<-false;c:Bool<-b;  class_body

      4:n:Int<-0  attr_or_meth

        5:n:Int<-0  attribute

          6:Int  type

          7:0  expr

            8:0  constant

      9:s:String<-"abc"  attr_or_meth

        10:s:String<-"abc"  attribute

          11:String  type

          12:"abc"  expr

            13:"abc"  constant

      14:b:Bool<-false  attr_or_meth

        15:b:Bool<-false  attribute

          16:Bool  type

          17:false  expr

            18:false  constant

      19:c:Bool<-b  attr_or_meth

        20:c:Bool<-b  attribute

          21:Bool  type

          22:b  expr

