class : CLASS
A : CLASS_NAME
{ : OPEN_AC
f : ID
( : OPEN_PAR
x : ID
: : DBL_DOT
Int : CLASS_NAME
) : CLOSED_PAR
: : DBL_DOT
Int : CLASS_NAME
{ : OPEN_AC
if : IF
x : ID
<= : LESS_OR_EQ
5 : NR
then : THEN
x : ID
else : ELSE
x : ID
+ : PLUS
1 : NR
fi : FI
} : CLOSED_AC
; : EOI
} : CLOSED_AC
; : EOI
<EOF> : EOF


0:classA{f(x:Int):Int{ifx<=5thenxelsex+1fi};};<EOF>  program

  1:classA{f(x:Int):Int{ifx<=5thenxelsex+1fi};};  class_node

    2:classA  class_header

    3:f(x:Int):Int{ifx<=5thenxelsex+1fi};  class_body

      4:f(x:Int):Int{ifx<=5thenxelsex+1fi}  attr_or_meth

        5:f(x:Int):Int{ifx<=5thenxelsex+1fi}  method

          6:x:Int  method_params

            7:Int  type

          8:ifx<=5thenxelsex+1fi  method_body

            9:ifx<=5thenxelsex+1fi  expr

              10:x<=5  expr

                11:x  expr

                12:5  expr

                  13:5  constant

              14:x  expr

              15:x+1  expr

                16:x  expr

                17:1  expr

                  18:1  constant

