"16-string-special-chars.cl", line 4:19, Lexical error: Unterminated string constant
"16-string-special-chars.cl", line 5:2, Lexical error: Unterminated string constant
Compilation halted
